// Jest Snapshot v1, https://goo.gl/fbAQLP

exports[`Banner Should render 1`] = `
<DocumentFragment>
  <img
    alt="Baner świąteczny"
    class="bannerImg"
    src="https://a.storyblok.com/f/188945/342x100/34919fd073/banner.jpg"
  />
</DocumentFragment>
`;
